// Jest Snapshot v1, https://goo.gl/fbAQLP

exports[`<Button /> render snapshot 1`] = `
<article
  className="flex flex-col pb-4 mx-2 shadow-lg lg:flex-1"
  style={Object {}}
>
  <h3
    className="pt-12 pb-4 font-bold text-center uppercase text-md text-sec"
    style={Object {}}
  >
    my skills
  </h3>
  <ul
    className="flex flex-col items-center justify-start h-full pt-4 text-xs text-gray-600 bg-light"
    style={Object {}}
  >
    <li
      className="my-2"
      style={Object {}}
    >
      javascript
    </li>
    <li
      className="my-2"
      style={Object {}}
    >
      css
    </li>
  </ul>
</article>
`;
