// Jest Snapshot v1, https://goo.gl/fbAQLP

exports[`<SocialItems {...props> /> render snapshot 1`] = `
<li
  className="mx-2 mb-2"
>
  <a
    aria-label="to my social page"
    className="text-md focus:outline-none focus:ring-4 focus:ring-yellow-400"
    href="/social"
    rel="noopener"
    target="_blank"
  >
    <h2>
      child
    </h2>
  </a>
</li>
`;
