// Jest Snapshot v1, https://goo.gl/fbAQLP

exports[`<SocialItems {...props> /> render snapshot 1`] = `
<li
  className="mx-3 mb-2 2xl:mx-8"
>
  <a
    aria-label="to my social page"
    className="text-md"
    href="/social"
    rel="noopener"
    target="_blank"
  >
    <h2>
      child
    </h2>
  </a>
</li>
`;
