// Jest Snapshot v1, https://goo.gl/fbAQLP

exports[`<BlogCard {...props} /> render snapshot 1`] = `
<article
  className="col-span-1 w-full mx-auto overflow-hidden text-center border border-gray-300 h-hero"
  id="post id"
>
  <a
    className="w-full h-full"
    href="/blog/Blog-Title"
    onClick={[Function]}
    onMouseEnter={[Function]}
  >
    <div
      className="h-2/5 relative w-full mb-8 border border-purple-300"
    >
      <div
        style={
          Object {
            "bottom": 0,
            "boxSizing": "border-box",
            "display": "block",
            "left": 0,
            "margin": 0,
            "overflow": "hidden",
            "position": "absolute",
            "right": 0,
            "top": 0,
          }
        }
      >
        <img
          alt="blog preview"
          decoding="async"
          src="data:image/gif;base64,R0lGODlhAQABAIAAAAAAAP///yH5BAEAAAAALAAAAAABAAEAAAIBRAA7"
          style={
            Object {
              "border": "none",
              "bottom": 0,
              "boxSizing": "border-box",
              "display": "block",
              "height": 0,
              "left": 0,
              "margin": "auto",
              "maxHeight": "100%",
              "maxWidth": "100%",
              "minHeight": "100%",
              "minWidth": "100%",
              "objectFit": "cover",
              "objectPosition": undefined,
              "padding": 0,
              "position": "absolute",
              "right": 0,
              "top": 0,
              "visibility": "hidden",
              "width": 0,
            }
          }
        />
      </div>
    </div>
    <h3
      className="px-3 mb-6 text-xs font-bold"
    >
      Blog Title
    </h3>
    <p
      className="px-3 mb-3 text-xxs"
    >
      Posted by 
      Kieran Roberts
    </p>
    <section
      className="px-4 py-2"
    >
      <p
        className="null px-3 mb-6 text-xxs"
      >
        This is my first blog post
      </p>
      <footer
        className="flex flex-col items-center justify-between mt-auto md:flex-row"
      >
        <ul
          className="flex flex-wrap justify-center mb-3 md:mb-0"
        >
          <li>
            <span
              className="px-3 py-1 mx-4 my-2 border border-purple-200 text-xxs"
            >
              -
              test-tag
              -
            </span>
          </li>
          <li>
            <span
              className="px-3 py-1 mx-4 my-2 border border-purple-200 text-xxs"
            >
              -
              blog-tag
              -
            </span>
          </li>
        </ul>
        <p
          className="text-xxs"
        >
          Posted on 
          <time>
            19/01/2021
          </time>
        </p>
      </footer>
    </section>
  </a>
</article>
`;
